// Jest Snapshot v1, https://goo.gl/fbAQLP

exports[`test en <GifItem/> Debe coincidir con el snapshot 1`] = `
<div>
  <div>
     
    <div
      class="card"
    >
      <img
        alt="gif"
        src="https://dragon-ball.com/goku.jpg"
      />
      <p
        data-testid="test-title"
      >
        Dragon Ball
      </p>
    </div>
  </div>
</div>
`;
